// Jest Snapshot v1, https://goo.gl/fbAQLP

exports[`Perfil renders correctly 1`] = `
<div
  class="Perfil"
>
  <header
    class="Perfil-header"
  >
    <p>
      Edit 
      <code>
        src/Perfil.js
      </code>
       and save to reload.
    </p>
    <a
      class="Perfil-link"
      href="https://reactjs.org"
      rel="noopener noreferrer"
      target="_blank"
    >
      Learn React
    </a>
  </header>
</div>
`;
